DETACHED_LAUNCH pid=10125 ppid=1 at 2026-08-18T10:55:54Z
WORKTREE=/Users/tom/Developer/ablative/stack/liminal-wt-sdk-republish
BRANCH=p-sdk-republish-0.8.0
HEAD=6b268e9619f0622e0c886f8cec39208a0545bc2e
TOKEN=/Users/tom/Developer/ablative/docs/tracking/battery-queue-20260818.md
LOAD_MAX=25
EXPECTED baseline 2101 passed / 2 failed / 3 ignored over 56 suites;
EXPECTED TRUE_EXIT=101 -- the 2 reds are the DECLARED F8 instruments
  tests_f8_marker_poison::a_refused_connection_fate_leaves_no_durable_residue
  tests_f8_marker_poison::the_incident_sequence_reboots_into_a_discharged_fate_and_a_live_server
These two are NEVER to be fixed. Any OTHER red is a real finding.
GATE_A_WAIT token file, entries 1..9 must all be DONE, at 2026-08-18T10:55:54Z
GATE_A_PENDING entries: 6 7 8 9 at 2026-08-18T10:55:54Z
GATE_A_PENDING entries: 6 7 8 9 at 2026-08-18T10:56:54Z
GATE_A_PENDING entries: 6 7 8 9 at 2026-08-18T10:57:54Z
GATE_A_PENDING entries: 6 7 8 9 at 2026-08-18T10:58:55Z
GATE_A_PENDING entries: 6 7 8 9 at 2026-08-18T10:59:55Z
GATE_A_PENDING entries: 6 7 8 9 at 2026-08-18T11:00:55Z
GATE_A_PENDING entries: 6 7 8 9 at 2026-08-18T11:01:55Z
GATE_A_PENDING entries: 6 7 8 9 at 2026-08-18T11:02:55Z
GATE_A_PENDING entries: 6 7 8 9 at 2026-08-18T11:03:55Z
GATE_A_PENDING entries: 6 7 8 9 at 2026-08-18T11:04:55Z
GATE_A_PENDING entries: 6 7 8 9 at 2026-08-18T11:05:55Z
GATE_A_PENDING entries: 6 7 8 9 at 2026-08-18T11:06:55Z
GATE_A_PENDING entries: 6 7 8 9 at 2026-08-18T11:07:55Z
GATE_A_PENDING entries: 6 7 8 9 at 2026-08-18T11:08:55Z
GATE_A_PENDING entries: 6 7 8 9 at 2026-08-18T11:09:55Z
GATE_A_PENDING entries: 6 7 8 9 at 2026-08-18T11:10:55Z
GATE_A_PENDING entries: 6 7 8 9 at 2026-08-18T11:11:55Z
GATE_A_PENDING entries: 6 7 8 9 at 2026-08-18T11:12:55Z
GATE_A_PENDING entries: 6 7 8 9 at 2026-08-18T11:13:55Z
GATE_A_PENDING entries: 6 7 8 9 at 2026-08-18T11:14:55Z
GATE_A_PENDING entries: 6 7 8 9 at 2026-08-18T11:15:55Z
GATE_A_PENDING entries: 6 7 8 9 at 2026-08-18T11:16:55Z
GATE_A_PENDING entries: 6 7 8 9 at 2026-08-18T11:17:55Z
GATE_A_PENDING entries: 6 7 8 9 at 2026-08-18T11:18:56Z
GATE_A_PENDING entries: 6 7 8 9 at 2026-08-18T11:19:56Z
GATE_A_PENDING entries: 6 7 8 9 at 2026-08-18T11:20:56Z
GATE_A_PENDING entries: 6 7 8 9 at 2026-08-18T11:21:56Z
GATE_A_PENDING entries: 6 7 8 9 at 2026-08-18T11:22:56Z
GATE_A_PENDING entries: 6 7 8 9 at 2026-08-18T11:23:56Z
GATE_A_PENDING entries: 6 7 8 9 at 2026-08-18T11:24:56Z
GATE_A_PENDING entries: 6 7 8 9 at 2026-08-18T11:25:56Z
GATE_A_PENDING entries: 6 7 8 9 at 2026-08-18T11:26:56Z
GATE_A_PENDING entries: 6 7 8 9 at 2026-08-18T11:27:56Z
GATE_A_PENDING entries: 6 7 8 9 at 2026-08-18T11:28:56Z
GATE_A_PENDING entries: 6 7 8 9 at 2026-08-18T11:29:56Z
GATE_A_PENDING entries: 6 7 8 9 at 2026-08-18T11:30:56Z
GATE_A_PENDING entries: 6 7 8 9 at 2026-08-18T11:31:56Z
GATE_A_PENDING entries: 6 7 8 9 at 2026-08-18T11:32:56Z
GATE_A_PENDING entries: 6 7 8 9 at 2026-08-18T11:33:56Z
GATE_A_PENDING entries: 6 7 8 9 at 2026-08-18T11:34:56Z
GATE_A_PENDING entries: 6 7 8 9 at 2026-08-18T11:35:56Z
GATE_A_PENDING entries: 6 7 8 9 at 2026-08-18T11:36:56Z
GATE_A_PENDING entries: 6 7 8 9 at 2026-08-18T11:37:56Z
GATE_A_PENDING entries: 6 7 8 9 at 2026-08-18T11:38:56Z
GATE_A_PENDING entries: 6 7 8 9 at 2026-08-18T11:39:56Z
GATE_A_PENDING entries: 6 7 8 9 at 2026-08-18T11:40:56Z
GATE_A_PENDING entries: 6 7 8 9 at 2026-08-18T11:41:56Z
GATE_A_PENDING entries: 6 7 8 9 at 2026-08-18T11:42:57Z
GATE_A_PENDING entries: 6 7 8 9 at 2026-08-18T11:43:57Z
GATE_A_PENDING entries: 6 7 8 9 at 2026-08-18T11:44:57Z
GATE_A_PENDING entries: 6 7 8 9 at 2026-08-18T11:45:57Z
GATE_A_PENDING entries: 6 7 8 9 at 2026-08-18T11:46:57Z
GATE_A_PENDING entries: 6 7 8 9 at 2026-08-18T11:47:57Z
GATE_A_PENDING entries: 6 7 8 9 at 2026-08-18T11:48:57Z
GATE_A_PENDING entries: 6 7 8 9 at 2026-08-18T11:49:57Z
GATE_A_PENDING entries: 6 7 8 9 at 2026-08-18T11:50:57Z
GATE_A_PENDING entries: 6 7 8 9 at 2026-08-18T11:51:57Z
GATE_A_PENDING entries: 6 7 8 9 at 2026-08-18T11:52:57Z
GATE_A_PENDING entries: 6 7 8 9 at 2026-08-18T11:53:57Z
GATE_A_PENDING entries: 6 7 8 9 at 2026-08-18T11:54:57Z
GATE_A_PENDING entries: 6 7 8 9 at 2026-08-18T11:55:57Z
GATE_A_PENDING entries: 6 7 8 9 at 2026-08-18T11:56:57Z
GATE_A_PENDING entries: 6 7 8 9 at 2026-08-18T11:57:57Z
GATE_A_PENDING entries: 6 7 8 9 at 2026-08-18T11:58:57Z
GATE_A_PENDING entries: 6 7 8 9 at 2026-08-18T11:59:57Z
GATE_A_PENDING entries: 6 7 8 9 at 2026-08-18T12:00:57Z
GATE_A_PENDING entries: 6 7 8 9 at 2026-08-18T12:01:57Z
GATE_A_PENDING entries: 6 7 8 9 at 2026-08-18T12:02:57Z
GATE_A_PENDING entries: 6 7 8 9 at 2026-08-18T12:03:57Z
GATE_A_PENDING entries: 6 7 8 9 at 2026-08-18T12:04:57Z
GATE_A_PENDING entries: 6 7 8 9 at 2026-08-18T12:05:58Z
GATE_A_PENDING entries: 6 7 8 9 at 2026-08-18T12:06:58Z
GATE_A_PENDING entries: 6 7 8 9 at 2026-08-18T12:07:58Z
GATE_A_PENDING entries: 6 7 8 9 at 2026-08-18T12:08:58Z
GATE_A_PENDING entries: 6 7 8 9 at 2026-08-18T12:09:58Z
GATE_A_PENDING entries: 6 7 8 9 at 2026-08-18T12:10:58Z
GATE_A_PENDING entries: 6 7 8 9 at 2026-08-18T12:11:58Z
GATE_A_PENDING entries: 6 7 8 9 at 2026-08-18T12:12:58Z
GATE_A_PENDING entries: 6 7 8 9 at 2026-08-18T12:13:58Z
GATE_A_PENDING entries: 6 7 8 9 at 2026-08-18T12:14:58Z
GATE_A_PENDING entries: 6 7 8 9 at 2026-08-18T12:15:58Z
GATE_A_PENDING entries: 6 7 8 9 at 2026-08-18T12:16:58Z
GATE_A_PENDING entries: 6 7 8 9 at 2026-08-18T12:17:58Z
GATE_A_PENDING entries: 6 7 8 9 at 2026-08-18T12:18:58Z
GATE_A_PENDING entries: 6 7 8 9 at 2026-08-18T12:19:58Z
GATE_A_PENDING entries: 6 7 8 9 at 2026-08-18T12:20:58Z
GATE_A_PENDING entries: 6 7 8 9 at 2026-08-18T12:21:58Z
GATE_A_PENDING entries: 6 7 8 9 at 2026-08-18T12:22:58Z
GATE_A_PENDING entries: 6 7 8 9 at 2026-08-18T12:23:58Z
GATE_A_PENDING entries: 6 7 8 9 at 2026-08-18T12:24:58Z
GATE_A_PENDING entries: 6 7 8 9 at 2026-08-18T12:25:58Z
GATE_A_PENDING entries: 6 7 8 9 at 2026-08-18T12:26:58Z
GATE_A_PENDING entries: 6 7 8 9 at 2026-08-18T12:27:58Z
GATE_A_PENDING entries: 6 7 8 9 at 2026-08-18T12:28:58Z
GATE_A_PENDING entries: 6 7 8 9 at 2026-08-18T12:29:58Z
GATE_A_PENDING entries: 6 7 8 9 at 2026-08-18T12:30:59Z
GATE_A_PENDING entries: 6 7 8 9 at 2026-08-18T12:31:59Z
GATE_A_PENDING entries: 6 7 8 9 at 2026-08-18T12:32:59Z
GATE_A_PENDING entries: 6 7 8 9 at 2026-08-18T12:33:59Z
GATE_A_PENDING entries: 6 7 8 9 at 2026-08-18T12:34:59Z
GATE_A_PENDING entries: 6 7 8 9 at 2026-08-18T12:35:59Z
GATE_A_PENDING entries: 6 7 8 9 at 2026-08-18T12:36:59Z
GATE_A_PENDING entries: 6 7 8 9 at 2026-08-18T12:37:59Z
GATE_A_PENDING entries: 6 7 8 9 at 2026-08-18T12:38:59Z
GATE_A_PENDING entries: 6 7 8 9 at 2026-08-18T12:39:59Z
GATE_A_PENDING entries: 6 7 8 9 at 2026-08-18T12:40:59Z
GATE_A_PENDING entries: 6 7 8 9 at 2026-08-18T12:41:59Z
GATE_A_PENDING entries: 6 7 8 9 at 2026-08-18T12:42:59Z
GATE_A_PENDING entries: 6 7 8 9 at 2026-08-18T12:43:59Z
GATE_A_PENDING entries: 6 7 8 9 at 2026-08-18T12:44:59Z
GATE_A_PENDING entries: 6 7 8 9 at 2026-08-18T12:45:59Z
GATE_A_PENDING entries: 6 7 8 9 at 2026-08-18T12:46:59Z
GATE_A_PENDING entries: 6 7 8 9 at 2026-08-18T12:47:59Z
GATE_A_PENDING entries: 6 7 8 9 at 2026-08-18T12:48:59Z
GATE_A_PENDING entries: 6 7 8 9 at 2026-08-18T12:49:59Z
GATE_A_PENDING entries: 6 7 8 9 at 2026-08-18T12:51:00Z
GATE_A_PENDING entries: 6 7 8 9 at 2026-08-18T12:52:00Z
GATE_A_PENDING entries: 6 7 8 9 at 2026-08-18T12:53:00Z
GATE_A_PENDING entries: 6 7 8 9 at 2026-08-18T12:54:00Z
GATE_A_PENDING entries: 6 7 8 9 at 2026-08-18T12:55:00Z
GATE_A_PENDING entries: 6 7 8 9 at 2026-08-18T12:56:00Z
GATE_A_PENDING entries: 6 7 8 9 at 2026-08-18T12:57:00Z
GATE_A_PENDING entries: 6 7 8 9 at 2026-08-18T12:58:00Z
GATE_A_PENDING entries: 6 7 8 9 at 2026-08-18T12:59:00Z
GATE_A_PENDING entries: 6 7 8 9 at 2026-08-18T13:00:00Z
GATE_A_PENDING entries: 6 7 8 9 at 2026-08-18T13:01:00Z
GATE_A_PENDING entries: 6 7 8 9 at 2026-08-18T13:02:00Z
GATE_A_PENDING entries: 6 7 8 9 at 2026-08-18T13:03:00Z
GATE_A_PENDING entries: 6 7 8 9 at 2026-08-18T13:04:00Z
GATE_A_PENDING entries: 6 7 8 9 at 2026-08-18T13:05:01Z
GATE_A_PENDING entries: 6 7 8 9 at 2026-08-18T13:06:01Z
GATE_A_PENDING entries: 6 7 8 9 at 2026-08-18T13:07:01Z
GATE_A_PENDING entries: 6 7 8 9 at 2026-08-18T13:08:01Z
GATE_A_PENDING entries: 6 7 8 9 at 2026-08-18T13:09:01Z
GATE_A_PENDING entries: 6 7 8 9 at 2026-08-18T13:10:01Z
GATE_A_PENDING entries: 6 7 8 9 at 2026-08-18T13:11:01Z
GATE_A_PENDING entries: 6 7 8 9 at 2026-08-18T13:12:01Z
GATE_A_PENDING entries: 6 7 8 9 at 2026-08-18T13:13:01Z
GATE_A_PENDING entries: 6 7 8 9 at 2026-08-18T13:14:01Z
GATE_A_PENDING entries: 6 7 8 9 at 2026-08-18T13:15:01Z
GATE_A_PENDING entries: 6 7 8 9 at 2026-08-18T13:16:01Z
GATE_A_PENDING entries: 6 7 8 9 at 2026-08-18T13:17:01Z
GATE_A_PENDING entries: 6 7 8 9 at 2026-08-18T13:18:01Z
GATE_A_PENDING entries: 6 7 8 9 at 2026-08-18T13:19:01Z
GATE_A_PENDING entries: 6 7 8 9 at 2026-08-18T13:20:01Z
GATE_A_PENDING entries: 6 7 8 9 at 2026-08-18T13:21:01Z
GATE_A_PENDING entries: 6 7 8 9 at 2026-08-18T13:22:01Z
GATE_A_PENDING entries: 6 7 8 9 at 2026-08-18T13:23:01Z
GATE_A_PENDING entries: 6 7 8 9 at 2026-08-18T13:24:01Z
GATE_A_PENDING entries: 6 7 8 9 at 2026-08-18T13:25:01Z
GATE_A_PENDING entries: 6 7 8 9 at 2026-08-18T13:26:02Z
GATE_A_PENDING entries: 6 7 8 9 at 2026-08-18T13:27:02Z
GATE_A_PENDING entries: 6 7 8 9 at 2026-08-18T13:28:02Z
GATE_A_PENDING entries: 6 7 8 9 at 2026-08-18T13:29:02Z
GATE_A_PENDING entries: 6 7 8 9 at 2026-08-18T13:30:02Z
GATE_A_PENDING entries: 7 8 9 at 2026-08-18T13:31:02Z
GATE_A_PENDING entries: 7 8 9 at 2026-08-18T13:32:02Z
GATE_A_PENDING entries: 7 8 9 at 2026-08-18T13:33:02Z
GATE_A_PENDING entries: 7 8 9 at 2026-08-18T13:34:02Z
GATE_A_PENDING entries: 7 8 9 at 2026-08-18T13:35:02Z
GATE_A_PENDING entries: 7 8 9 at 2026-08-18T13:36:02Z
GATE_A_PENDING entries: 7 8 9 at 2026-08-18T13:37:02Z
GATE_A_PENDING entries: 7 8 9 at 2026-08-18T13:38:02Z
GATE_A_PENDING entries: 7 8 9 at 2026-08-18T13:39:02Z
GATE_A_PENDING entries: 7 8 9 at 2026-08-18T13:40:02Z
GATE_A_PENDING entries: 7 8 9 at 2026-08-18T13:41:02Z
GATE_A_PENDING entries: 7 8 9 at 2026-08-18T13:42:02Z
GATE_A_PENDING entries: 7 8 9 at 2026-08-18T13:43:02Z
GATE_A_PENDING entries: 7 8 9 at 2026-08-18T13:44:02Z
GATE_A_PENDING entries: 7 8 9 at 2026-08-18T13:45:03Z
GATE_A_PENDING entries: 7 8 9 at 2026-08-18T13:46:03Z
GATE_A_PENDING entries: 7 8 9 at 2026-08-18T13:47:03Z
GATE_A_PENDING entries: 7 8 9 at 2026-08-18T13:48:03Z
GATE_A_PENDING entries: 7 8 9 at 2026-08-18T13:49:03Z
GATE_A_PENDING entries: 7 8 9 at 2026-08-18T13:50:03Z
GATE_A_PENDING entries: 7 8 9 at 2026-08-18T13:51:03Z
GATE_A_PENDING entries: 7 8 9 at 2026-08-18T13:52:03Z
GATE_A_PENDING entries: 7 8 9 at 2026-08-18T13:53:03Z
GATE_A_PENDING entries: 7 8 9 at 2026-08-18T13:54:03Z
GATE_A_PENDING entries: 7 8 9 at 2026-08-18T13:55:03Z
GATE_A_PENDING entries: 7 8 9 at 2026-08-18T13:56:03Z
GATE_A_PENDING entries: 7 8 9 at 2026-08-18T13:57:03Z
GATE_A_PENDING entries: 7 8 9 at 2026-08-18T13:58:03Z
GATE_A_PENDING entries: 7 8 9 at 2026-08-18T13:59:03Z
GATE_A_PENDING entries: 7 8 9 at 2026-08-18T14:00:03Z
GATE_A_PENDING entries: 7 8 9 at 2026-08-18T14:01:03Z
GATE_A_PENDING entries: 7 8 9 at 2026-08-18T14:02:03Z
GATE_A_PENDING entries: 7 8 9 at 2026-08-18T14:03:03Z
GATE_A_PENDING entries: 7 8 9 at 2026-08-18T14:04:03Z
GATE_A_PENDING entries: 7 8 9 at 2026-08-18T14:05:04Z
GATE_A_PENDING entries: 7 8 9 at 2026-08-18T14:06:04Z
GATE_A_PENDING entries: 7 8 9 at 2026-08-18T14:07:04Z
GATE_A_PENDING entries: 7 8 9 at 2026-08-18T14:08:04Z
GATE_A_PENDING entries: 7 8 9 at 2026-08-18T14:09:04Z
GATE_A_PENDING entries: 7 8 9 at 2026-08-18T14:10:04Z
GATE_A_PENDING entries: 7 8 9 at 2026-08-18T14:11:04Z
GATE_A_PENDING entries: 7 8 9 at 2026-08-18T14:12:04Z
GATE_A_PENDING entries: 7 8 9 at 2026-08-18T14:13:04Z
GATE_A_PENDING entries: 7 8 9 at 2026-08-18T14:14:04Z
GATE_A_PENDING entries: 7 8 9 at 2026-08-18T14:15:04Z
GATE_A_PENDING entries: 7 8 9 at 2026-08-18T14:16:04Z
GATE_A_PENDING entries: 7 8 9 at 2026-08-18T14:17:04Z
GATE_A_PENDING entries: 7 8 9 at 2026-08-18T14:18:04Z
GATE_A_PENDING entries: 7 8 9 at 2026-08-18T14:19:04Z
GATE_A_PENDING entries: 7 8 9 at 2026-08-18T14:20:04Z
GATE_A_PENDING entries: 7 8 9 at 2026-08-18T14:21:05Z
GATE_A_PENDING entries: 7 8 9 at 2026-08-18T14:22:05Z
GATE_A_PENDING entries: 7 8 9 at 2026-08-18T14:23:05Z
GATE_A_PENDING entries: 7 8 9 at 2026-08-18T14:24:05Z
GATE_A_PENDING entries: 7 8 9 at 2026-08-18T14:25:05Z
GATE_A_PENDING entries: 7 8 9 at 2026-08-18T14:26:05Z
GATE_A_PENDING entries: 7 8 9 at 2026-08-18T14:27:05Z
GATE_A_PENDING entries: 7 8 9 at 2026-08-18T14:28:05Z
GATE_A_PENDING entries: 7 8 9 at 2026-08-18T14:29:05Z
GATE_A_PENDING entries: 7 8 9 at 2026-08-18T14:30:05Z
GATE_A_PENDING entries: 7 8 9 at 2026-08-18T14:31:05Z
GATE_A_PENDING entries: 7 8 9 at 2026-08-18T14:32:05Z
GATE_A_PENDING entries: 7 8 9 at 2026-08-18T14:33:05Z
GATE_A_PENDING entries: 7 8 9 at 2026-08-18T14:34:05Z
GATE_A_PENDING entries: 7 8 9 at 2026-08-18T14:35:05Z
GATE_A_PENDING entries: 7 8 9 at 2026-08-18T14:36:05Z
GATE_A_PENDING entries: 7 8 9 at 2026-08-18T14:37:05Z
GATE_A_PENDING entries: 7 8 9 at 2026-08-18T14:38:05Z
GATE_A_PENDING entries: 7 8 9 at 2026-08-18T14:39:05Z
GATE_A_PENDING entries: 7 8 9 at 2026-08-18T14:40:05Z
GATE_A_PENDING entries: 7 8 9 at 2026-08-18T14:41:06Z
GATE_A_PENDING entries: 7 8 9 at 2026-08-18T14:42:06Z
GATE_A_PENDING entries: 7 8 9 at 2026-08-18T14:43:06Z
GATE_A_PENDING entries: 7 8 9 at 2026-08-18T14:44:06Z
GATE_A_PENDING entries: 7 8 9 at 2026-08-18T14:45:06Z
GATE_A_PENDING entries: 7 8 9 at 2026-08-18T14:46:06Z
GATE_A_PENDING entries: 7 8 9 at 2026-08-18T14:47:06Z
GATE_A_PENDING entries: 7 8 9 at 2026-08-18T14:48:06Z
GATE_A_PENDING entries: 7 8 9 at 2026-08-18T14:49:06Z
GATE_A_PENDING entries: 7 8 9 at 2026-08-18T14:50:06Z
GATE_A_PENDING entries: 7 8 9 at 2026-08-18T14:51:06Z
GATE_A_PENDING entries: 7 8 9 at 2026-08-18T14:52:06Z
GATE_A_PENDING entries: 7 8 9 at 2026-08-18T14:53:06Z
GATE_A_PENDING entries: 7 8 9 at 2026-08-18T14:54:06Z
GATE_A_PENDING entries: 7 8 9 at 2026-08-18T14:55:06Z
GATE_A_PENDING entries: 7 8 9 at 2026-08-18T14:56:06Z
GATE_A_PENDING entries: 7 8 9 at 2026-08-18T14:57:06Z
GATE_A_PENDING entries: 7 8 9 at 2026-08-18T14:58:06Z
GATE_A_PENDING entries: 7 8 9 at 2026-08-18T14:59:06Z
GATE_A_PENDING entries: 7 8 9 at 2026-08-18T15:00:07Z
GATE_A_PENDING entries: 7 8 9 at 2026-08-18T15:01:07Z
GATE_A_PENDING entries: 7 8 9 at 2026-08-18T15:02:07Z
GATE_A_PENDING entries: 7 8 9 at 2026-08-18T15:03:07Z
GATE_A_PENDING entries: 7 8 9 at 2026-08-18T15:04:07Z
GATE_A_PENDING entries: 7 8 9 at 2026-08-18T15:05:07Z
GATE_A_PENDING entries: 7 8 9 at 2026-08-18T15:06:07Z
GATE_A_PENDING entries: 7 8 9 at 2026-08-18T15:07:07Z
GATE_A_PENDING entries: 7 8 9 at 2026-08-18T15:08:07Z
GATE_A_PENDING entries: 7 8 9 at 2026-08-18T15:09:07Z
GATE_A_PENDING entries: 7 8 9 at 2026-08-18T15:10:07Z
GATE_A_PENDING entries: 7 8 9 at 2026-08-18T15:11:07Z
GATE_A_PENDING entries: 7 8 9 at 2026-08-18T15:12:07Z
GATE_A_PENDING entries: 7 8 9 at 2026-08-18T15:13:07Z
GATE_A_PENDING entries: 7 8 9 at 2026-08-18T15:14:07Z
GATE_A_PENDING entries: 7 8 9 at 2026-08-18T15:15:07Z
GATE_A_PENDING entries: 7 8 9 at 2026-08-18T15:16:07Z
GATE_A_PENDING entries: 7 8 9 at 2026-08-18T15:17:07Z
GATE_A_PENDING entries: 7 8 9 at 2026-08-18T15:18:07Z
GATE_A_PENDING entries: 7 8 9 at 2026-08-18T15:19:07Z
GATE_A_PENDING entries: 7 8 9 at 2026-08-18T15:20:07Z
GATE_A_PENDING entries: 7 8 9 at 2026-08-18T15:21:08Z
GATE_A_PENDING entries: 7 8 9 at 2026-08-18T15:22:08Z
GATE_A_PENDING entries: 7 8 9 at 2026-08-18T15:23:08Z
GATE_A_PENDING entries: 7 8 9 at 2026-08-18T15:24:08Z
GATE_A_PENDING entries: 7 8 9 at 2026-08-18T15:25:08Z
GATE_A_PENDING entries: 7 8 9 at 2026-08-18T15:26:08Z
GATE_A_PENDING entries: 7 8 9 at 2026-08-18T15:27:08Z
GATE_A_PENDING entries: 7 8 9 at 2026-08-18T15:28:08Z
GATE_A_PENDING entries: 7 8 9 at 2026-08-18T15:29:08Z
GATE_A_PENDING entries: 7 8 9 at 2026-08-18T15:30:08Z
GATE_A_PENDING entries: 7 8 9 at 2026-08-18T15:31:08Z
GATE_A_PENDING entries: 7 8 9 at 2026-08-18T15:32:08Z
GATE_A_PENDING entries: 7 8 9 at 2026-08-18T15:33:08Z
GATE_A_PENDING entries: 7 8 9 at 2026-08-18T15:34:08Z
GATE_A_PENDING entries: 7 8 9 at 2026-08-18T15:35:08Z
GATE_A_PENDING entries: 7 8 9 at 2026-08-18T15:36:08Z
GATE_A_PENDING entries: 7 8 9 at 2026-08-18T15:37:08Z
GATE_A_PENDING entries: 7 8 9 at 2026-08-18T15:38:08Z
GATE_A_PENDING entries: 7 8 9 at 2026-08-18T15:39:08Z
GATE_A_PENDING entries: 7 8 9 at 2026-08-18T15:40:08Z
GATE_A_PENDING entries: 7 8 9 at 2026-08-18T15:41:09Z
GATE_A_PENDING entries: 7 8 9 at 2026-08-18T15:42:09Z
GATE_A_PENDING entries: 7 8 9 at 2026-08-18T15:43:09Z
GATE_A_PENDING entries: 7 8 9 at 2026-08-18T15:44:09Z
GATE_A_PENDING entries: 7 8 9 at 2026-08-18T15:45:09Z
GATE_A_PENDING entries: 8 9 at 2026-08-18T15:46:09Z
GATE_A_PENDING entries: 8 9 at 2026-08-18T15:47:09Z
GATE_A_PENDING entries: 8 9 at 2026-08-18T15:48:09Z
GATE_A_PENDING entries: 8 9 at 2026-08-18T15:49:09Z
GATE_A_PENDING entries: 8 9 at 2026-08-18T15:50:09Z
GATE_A_PENDING entries: 8 9 at 2026-08-18T15:51:09Z
GATE_A_PENDING entries: 8 9 at 2026-08-18T15:52:09Z
GATE_A_PENDING entries: 8 9 at 2026-08-18T15:53:09Z
GATE_A_PENDING entries: 8 9 at 2026-08-18T15:54:09Z
GATE_A_PENDING entries: 8 9 at 2026-08-18T15:55:09Z
GATE_A_PENDING entries: 8 9 at 2026-08-18T15:56:09Z
GATE_A_PENDING entries: 8 9 at 2026-08-18T15:57:09Z
GATE_A_PENDING entries: 8 9 at 2026-08-18T15:58:09Z
GATE_A_PENDING entries: 8 9 at 2026-08-18T15:59:09Z
GATE_A_PENDING entries: 8 9 at 2026-08-18T16:00:09Z
GATE_A_PENDING entries: 8 9 at 2026-08-18T16:01:09Z
GATE_A_PENDING entries: 8 9 at 2026-08-18T16:02:09Z
GATE_A_PENDING entries: 8 9 at 2026-08-18T16:03:09Z
GATE_A_PENDING entries: 8 9 at 2026-08-18T16:04:10Z
GATE_A_PENDING entries: 8 9 at 2026-08-18T16:05:10Z
GATE_A_PENDING entries: 8 9 at 2026-08-18T16:06:10Z
GATE_A_PENDING entries: 8 9 at 2026-08-18T16:07:10Z
GATE_A_PENDING entries: 8 9 at 2026-08-18T16:08:10Z
GATE_A_PENDING entries: 8 9 at 2026-08-18T16:09:10Z
GATE_A_PENDING entries: 8 9 at 2026-08-18T16:10:10Z
GATE_A_PENDING entries: 8 9 at 2026-08-18T16:11:10Z
GATE_A_PENDING entries: 8 9 at 2026-08-18T16:12:10Z
GATE_A_PENDING entries: 8 9 at 2026-08-18T16:13:10Z
GATE_A_PENDING entries: 8 9 at 2026-08-18T16:14:10Z
GATE_A_PENDING entries: 8 9 at 2026-08-18T16:15:10Z
GATE_A_PENDING entries: 8 9 at 2026-08-18T16:16:10Z
GATE_A_PENDING entries: 8 9 at 2026-08-18T16:17:10Z
GATE_A_PENDING entries: 8 9 at 2026-08-18T16:18:10Z
GATE_A_PENDING entries: 8 9 at 2026-08-18T16:19:10Z
GATE_A_PENDING entries: 8 9 at 2026-08-18T16:20:10Z
GATE_A_PENDING entries: 8 9 at 2026-08-18T16:21:10Z
GATE_A_PENDING entries: 8 9 at 2026-08-18T16:22:10Z
GATE_A_PENDING entries: 8 9 at 2026-08-18T16:23:10Z
GATE_A_PENDING entries: 8 9 at 2026-08-18T16:24:10Z
GATE_A_PENDING entries: 8 9 at 2026-08-18T16:25:10Z
GATE_A_PENDING entries: 8 9 at 2026-08-18T16:26:10Z
GATE_A_PENDING entries: 8 9 at 2026-08-18T16:27:10Z
GATE_A_PENDING entries: 8 9 at 2026-08-18T16:28:11Z
GATE_A_PENDING entries: 8 9 at 2026-08-18T16:29:11Z
GATE_A_PENDING entries: 8 9 at 2026-08-18T16:30:11Z
GATE_A_PENDING entries: 8 9 at 2026-08-18T16:31:11Z
GATE_A_PENDING entries: 8 9 at 2026-08-18T16:32:11Z
GATE_A_PENDING entries: 8 9 at 2026-08-18T16:33:11Z
GATE_A_PENDING entries: 8 9 at 2026-08-18T16:34:11Z
GATE_A_PENDING entries: 8 9 at 2026-08-18T16:35:11Z
GATE_A_PENDING entries: 8 9 at 2026-08-18T16:36:11Z
GATE_A_PENDING entries: 8 9 at 2026-08-18T16:37:11Z
GATE_A_PENDING entries: 8 9 at 2026-08-18T16:38:11Z
GATE_A_PENDING entries: 8 9 at 2026-08-18T16:39:11Z
GATE_A_PENDING entries: 8 9 at 2026-08-18T16:40:11Z
GATE_A_PENDING entries: 8 9 at 2026-08-18T16:41:11Z
GATE_A_PENDING entries: 8 9 at 2026-08-18T16:42:11Z
GATE_A_PENDING entries: 8 9 at 2026-08-18T16:43:11Z
GATE_A_PENDING entries: 8 9 at 2026-08-18T16:44:11Z
GATE_A_PENDING entries: 8 9 at 2026-08-18T16:45:11Z
GATE_A_PENDING entries: 8 9 at 2026-08-18T16:46:12Z
GATE_A_PENDING entries: 8 9 at 2026-08-18T16:47:12Z
GATE_A_PENDING entries: 8 9 at 2026-08-18T16:48:12Z
GATE_A_PENDING entries: 8 9 at 2026-08-18T16:49:12Z
GATE_A_PENDING entries: 8 9 at 2026-08-18T16:50:12Z
GATE_A_PENDING entries: 8 9 at 2026-08-18T16:51:12Z
GATE_A_PENDING entries: 8 9 at 2026-08-18T16:52:12Z
GATE_A_PENDING entries: 8 9 at 2026-08-18T16:53:12Z
GATE_A_PENDING entries: 8 9 at 2026-08-18T16:54:12Z
GATE_A_PENDING entries: 8 9 at 2026-08-18T16:55:12Z
GATE_A_PENDING entries: 8 at 2026-08-18T16:56:12Z
GATE_A_PENDING entries: 8 at 2026-08-18T16:57:12Z
GATE_A_PENDING entries: 8 at 2026-08-18T16:58:12Z
GATE_A_PENDING entries: 8 at 2026-08-18T16:59:12Z
GATE_A_PENDING entries: 8 at 2026-08-18T17:00:12Z
GATE_A_PENDING entries: 8 at 2026-08-18T17:01:12Z
GATE_A_PENDING entries: 8 at 2026-08-18T17:02:12Z
GATE_A_PENDING entries: 8 at 2026-08-18T17:03:12Z
GATE_A_PENDING entries: 8 at 2026-08-18T17:04:12Z
GATE_A_PENDING entries: 8 at 2026-08-18T17:05:12Z
GATE_A_PENDING entries: 8 at 2026-08-18T17:06:13Z
GATE_A_PENDING entries: 8 at 2026-08-18T17:07:13Z
GATE_A_PENDING entries: 8 at 2026-08-18T17:08:13Z
GATE_A_PENDING entries: 8 at 2026-08-18T17:09:13Z
GATE_A_PENDING entries: 8 at 2026-08-18T17:10:13Z
GATE_A_PENDING entries: 8 at 2026-08-18T17:11:13Z
GATE_A_PENDING entries: 8 at 2026-08-18T17:12:13Z
GATE_A_PENDING entries: 8 at 2026-08-18T17:13:13Z
GATE_A_PENDING entries: 8 at 2026-08-18T17:14:13Z
GATE_A_PENDING entries: 8 at 2026-08-18T17:15:13Z
GATE_A_PENDING entries: 8 at 2026-08-18T17:16:13Z
GATE_A_PENDING entries: 8 at 2026-08-18T17:17:13Z
GATE_A_PENDING entries: 8 at 2026-08-18T17:18:13Z
GATE_A_PENDING entries: 8 at 2026-08-18T17:19:13Z
GATE_A_PENDING entries: 8 at 2026-08-18T17:20:13Z
GATE_A_PENDING entries: 8 at 2026-08-18T17:21:13Z
GATE_A_PENDING entries: 8 at 2026-08-18T17:22:13Z
GATE_A_PENDING entries: 8 at 2026-08-18T17:23:13Z
GATE_A_PENDING entries: 8 at 2026-08-18T17:24:13Z
GATE_A_PENDING entries: 8 at 2026-08-18T17:25:13Z
GATE_A_PENDING entries: 8 at 2026-08-18T17:26:14Z
GATE_A_PENDING entries: 8 at 2026-08-18T17:27:14Z
GATE_A_PENDING entries: 8 at 2026-08-18T17:28:14Z
GATE_A_PENDING entries: 8 at 2026-08-18T17:29:14Z
GATE_A_PENDING entries: 8 at 2026-08-18T17:30:14Z
GATE_A_PENDING entries: 8 at 2026-08-18T17:31:14Z
GATE_A_PENDING entries: 8 at 2026-08-18T17:32:14Z
GATE_A_PENDING entries: 8 at 2026-08-18T17:33:14Z
