LIMINAL_STARVATION_ITERS=40
########## STARVATION RUN 1 ##########
    Finished `test` profile [unoptimized + debuginfo] target(s) in 0.66s
     Running tests/subscription_starvation_e2e.rs (target/debug/deps/subscription_starvation_e2e-5cfc2b07a7ba9417)

running 2 tests
BURST PIN iteration 0: ok=true :: burst=400 accepted=400 tcp_received=400 tcp_error=None ws_received=400 ws_error=None publisher_frames=[]
BURST PIN iteration 1: ok=true :: burst=400 accepted=400 tcp_received=400 tcp_error=None ws_received=400 ws_error=None publisher_frames=[]
BURST PIN iteration 2: ok=true :: burst=400 accepted=400 tcp_received=400 tcp_error=None ws_received=400 ws_error=None publisher_frames=[]
BURST PIN iteration 3: ok=true :: burst=400 accepted=400 tcp_received=400 tcp_error=None ws_received=400 ws_error=None publisher_frames=[]
BURST PIN iteration 4: ok=true :: burst=400 accepted=400 tcp_received=400 tcp_error=None ws_received=400 ws_error=None publisher_frames=[]
BURST PIN iteration 5: ok=true :: burst=400 accepted=400 tcp_received=400 tcp_error=None ws_received=400 ws_error=None publisher_frames=[]
BURST PIN iteration 6: ok=true :: burst=400 accepted=400 tcp_received=400 tcp_error=None ws_received=400 ws_error=None publisher_frames=[]
BURST PIN iteration 7: ok=true :: burst=400 accepted=400 tcp_received=400 tcp_error=None ws_received=400 ws_error=None publisher_frames=[]
BURST PIN iteration 8: ok=true :: burst=400 accepted=400 tcp_received=400 tcp_error=None ws_received=400 ws_error=None publisher_frames=[]
BURST PIN iteration 9: ok=true :: burst=400 accepted=400 tcp_received=400 tcp_error=None ws_received=400 ws_error=None publisher_frames=[]
BURST PIN iteration 10: ok=true :: burst=400 accepted=400 tcp_received=400 tcp_error=None ws_received=400 ws_error=None publisher_frames=[]
BURST PIN iteration 11: ok=true :: burst=400 accepted=400 tcp_received=400 tcp_error=None ws_received=400 ws_error=None publisher_frames=[]
BURST PIN iteration 12: ok=true :: burst=400 accepted=400 tcp_received=400 tcp_error=None ws_received=400 ws_error=None publisher_frames=[]
BURST PIN iteration 13: ok=true :: burst=400 accepted=400 tcp_received=400 tcp_error=None ws_received=400 ws_error=None publisher_frames=[]
BURST PIN iteration 14: ok=true :: burst=400 accepted=400 tcp_received=400 tcp_error=None ws_received=400 ws_error=None publisher_frames=[]
BURST PIN iteration 15: ok=true :: burst=400 accepted=400 tcp_received=400 tcp_error=None ws_received=400 ws_error=None publisher_frames=[]
BURST PIN iteration 16: ok=true :: burst=400 accepted=400 tcp_received=400 tcp_error=None ws_received=400 ws_error=None publisher_frames=[]
BURST PIN iteration 17: ok=true :: burst=400 accepted=400 tcp_received=400 tcp_error=None ws_received=400 ws_error=None publisher_frames=[]
BURST PIN iteration 18: ok=true :: burst=400 accepted=400 tcp_received=400 tcp_error=None ws_received=400 ws_error=None publisher_frames=[]
BURST PIN iteration 19: ok=true :: burst=400 accepted=400 tcp_received=400 tcp_error=None ws_received=400 ws_error=None publisher_frames=[]
BURST PIN iteration 20: ok=true :: burst=400 accepted=400 tcp_received=400 tcp_error=None ws_received=400 ws_error=None publisher_frames=[]
BURST PIN iteration 21: ok=true :: burst=400 accepted=400 tcp_received=400 tcp_error=None ws_received=400 ws_error=None publisher_frames=[]
BURST PIN iteration 22: ok=true :: burst=400 accepted=400 tcp_received=400 tcp_error=None ws_received=400 ws_error=None publisher_frames=[]
BURST PIN iteration 23: ok=true :: burst=400 accepted=400 tcp_received=400 tcp_error=None ws_received=400 ws_error=None publisher_frames=[]
BURST PIN iteration 24: ok=true :: burst=400 accepted=400 tcp_received=400 tcp_error=None ws_received=400 ws_error=None publisher_frames=[]
BURST PIN iteration 25: ok=true :: burst=400 accepted=400 tcp_received=400 tcp_error=None ws_received=400 ws_error=None publisher_frames=[]
BURST PIN iteration 26: ok=true :: burst=400 accepted=400 tcp_received=400 tcp_error=None ws_received=400 ws_error=None publisher_frames=[]
BURST PIN iteration 27: ok=true :: burst=400 accepted=400 tcp_received=400 tcp_error=None ws_received=400 ws_error=None publisher_frames=[]
BURST PIN iteration 28: ok=true :: burst=400 accepted=400 tcp_received=400 tcp_error=None ws_received=400 ws_error=None publisher_frames=[]
BURST PIN iteration 29: ok=true :: burst=400 accepted=400 tcp_received=400 tcp_error=None ws_received=400 ws_error=None publisher_frames=[]
BURST PIN iteration 30: ok=true :: burst=400 accepted=400 tcp_received=400 tcp_error=None ws_received=400 ws_error=None publisher_frames=[]
BURST PIN iteration 31: ok=true :: burst=400 accepted=400 tcp_received=400 tcp_error=None ws_received=400 ws_error=None publisher_frames=[]
BURST PIN iteration 32: ok=true :: burst=400 accepted=400 tcp_received=400 tcp_error=None ws_received=400 ws_error=None publisher_frames=[]
BURST PIN iteration 33: ok=true :: burst=400 accepted=400 tcp_received=400 tcp_error=None ws_received=400 ws_error=None publisher_frames=[]
BURST PIN iteration 34: ok=true :: burst=400 accepted=400 tcp_received=400 tcp_error=None ws_received=400 ws_error=None publisher_frames=[]
BURST PIN iteration 35: ok=true :: burst=400 accepted=400 tcp_received=400 tcp_error=None ws_received=400 ws_error=None publisher_frames=[]
BURST PIN iteration 36: ok=true :: burst=400 accepted=400 tcp_received=400 tcp_error=None ws_received=400 ws_error=None publisher_frames=[]
BURST PIN iteration 37: ok=true :: burst=400 accepted=400 tcp_received=400 tcp_error=None ws_received=400 ws_error=None publisher_frames=[]
BURST PIN iteration 38: ok=true :: burst=400 accepted=400 tcp_received=400 tcp_error=None ws_received=400 ws_error=None publisher_frames=[]
BURST PIN iteration 39: ok=true :: burst=400 accepted=400 tcp_received=400 tcp_error=None ws_received=400 ws_error=None publisher_frames=[]
test a_burst_larger_than_the_delivery_slice_never_starves_a_subscriber ... ok
MIXED-FATE PIN iteration 0: ok=true :: burst=400 accepted=400 first_received=400 first_error=None second_received=400 second_error=None mixed_fate=false publisher_frames=[]
MIXED-FATE PIN iteration 1: ok=true :: burst=400 accepted=400 first_received=400 first_error=None second_received=400 second_error=None mixed_fate=false publisher_frames=[]
MIXED-FATE PIN iteration 2: ok=true :: burst=400 accepted=400 first_received=400 first_error=None second_received=400 second_error=None mixed_fate=false publisher_frames=[]
MIXED-FATE PIN iteration 3: ok=true :: burst=400 accepted=400 first_received=400 first_error=None second_received=400 second_error=None mixed_fate=false publisher_frames=[]
MIXED-FATE PIN iteration 4: ok=true :: burst=400 accepted=400 first_received=400 first_error=None second_received=400 second_error=None mixed_fate=false publisher_frames=[]
MIXED-FATE PIN iteration 5: ok=true :: burst=400 accepted=400 first_received=400 first_error=None second_received=400 second_error=None mixed_fate=false publisher_frames=[]
MIXED-FATE PIN iteration 6: ok=true :: burst=400 accepted=400 first_received=400 first_error=None second_received=400 second_error=None mixed_fate=false publisher_frames=[]
MIXED-FATE PIN iteration 7: ok=true :: burst=400 accepted=400 first_received=400 first_error=None second_received=400 second_error=None mixed_fate=false publisher_frames=[]
MIXED-FATE PIN iteration 8: ok=true :: burst=400 accepted=400 first_received=400 first_error=None second_received=400 second_error=None mixed_fate=false publisher_frames=[]
MIXED-FATE PIN iteration 9: ok=true :: burst=400 accepted=400 first_received=400 first_error=None second_received=400 second_error=None mixed_fate=false publisher_frames=[]
MIXED-FATE PIN iteration 10: ok=true :: burst=400 accepted=400 first_received=400 first_error=None second_received=400 second_error=None mixed_fate=false publisher_frames=[]
MIXED-FATE PIN iteration 11: ok=true :: burst=400 accepted=400 first_received=400 first_error=None second_received=400 second_error=None mixed_fate=false publisher_frames=[]
MIXED-FATE PIN iteration 12: ok=true :: burst=400 accepted=400 first_received=400 first_error=None second_received=400 second_error=None mixed_fate=false publisher_frames=[]
MIXED-FATE PIN iteration 13: ok=true :: burst=400 accepted=400 first_received=400 first_error=None second_received=400 second_error=None mixed_fate=false publisher_frames=[]
MIXED-FATE PIN iteration 14: ok=true :: burst=400 accepted=400 first_received=400 first_error=None second_received=400 second_error=None mixed_fate=false publisher_frames=[]
MIXED-FATE PIN iteration 15: ok=true :: burst=400 accepted=400 first_received=400 first_error=None second_received=400 second_error=None mixed_fate=false publisher_frames=[]
MIXED-FATE PIN iteration 16: ok=true :: burst=400 accepted=400 first_received=400 first_error=None second_received=400 second_error=None mixed_fate=false publisher_frames=[]
MIXED-FATE PIN iteration 17: ok=true :: burst=400 accepted=400 first_received=400 first_error=None second_received=400 second_error=None mixed_fate=false publisher_frames=[]
MIXED-FATE PIN iteration 18: ok=true :: burst=400 accepted=400 first_received=400 first_error=None second_received=400 second_error=None mixed_fate=false publisher_frames=[]
MIXED-FATE PIN iteration 19: ok=true :: burst=400 accepted=400 first_received=400 first_error=None second_received=400 second_error=None mixed_fate=false publisher_frames=[]
MIXED-FATE PIN iteration 20: ok=true :: burst=400 accepted=400 first_received=400 first_error=None second_received=400 second_error=None mixed_fate=false publisher_frames=[]
MIXED-FATE PIN iteration 21: ok=true :: burst=400 accepted=400 first_received=400 first_error=None second_received=400 second_error=None mixed_fate=false publisher_frames=[]
MIXED-FATE PIN iteration 22: ok=true :: burst=400 accepted=400 first_received=400 first_error=None second_received=400 second_error=None mixed_fate=false publisher_frames=[]
MIXED-FATE PIN iteration 23: ok=true :: burst=400 accepted=400 first_received=400 first_error=None second_received=400 second_error=None mixed_fate=false publisher_frames=[]
MIXED-FATE PIN iteration 24: ok=true :: burst=400 accepted=400 first_received=400 first_error=None second_received=400 second_error=None mixed_fate=false publisher_frames=[]
MIXED-FATE PIN iteration 25: ok=true :: burst=400 accepted=400 first_received=400 first_error=None second_received=400 second_error=None mixed_fate=false publisher_frames=[]
MIXED-FATE PIN iteration 26: ok=true :: burst=400 accepted=400 first_received=400 first_error=None second_received=400 second_error=None mixed_fate=false publisher_frames=[]
MIXED-FATE PIN iteration 27: ok=true :: burst=400 accepted=400 first_received=400 first_error=None second_received=400 second_error=None mixed_fate=false publisher_frames=[]
MIXED-FATE PIN iteration 28: ok=true :: burst=400 accepted=400 first_received=400 first_error=None second_received=400 second_error=None mixed_fate=false publisher_frames=[]
MIXED-FATE PIN iteration 29: ok=true :: burst=400 accepted=400 first_received=400 first_error=None second_received=400 second_error=None mixed_fate=false publisher_frames=[]
MIXED-FATE PIN iteration 30: ok=true :: burst=400 accepted=400 first_received=400 first_error=None second_received=400 second_error=None mixed_fate=false publisher_frames=[]
MIXED-FATE PIN iteration 31: ok=true :: burst=400 accepted=400 first_received=400 first_error=None second_received=400 second_error=None mixed_fate=false publisher_frames=[]
MIXED-FATE PIN iteration 32: ok=true :: burst=400 accepted=400 first_received=400 first_error=None second_received=400 second_error=None mixed_fate=false publisher_frames=[]
MIXED-FATE PIN iteration 33: ok=true :: burst=400 accepted=400 first_received=400 first_error=None second_received=400 second_error=None mixed_fate=false publisher_frames=[]
MIXED-FATE PIN iteration 34: ok=true :: burst=400 accepted=400 first_received=400 first_error=None second_received=400 second_error=None mixed_fate=false publisher_frames=[]
MIXED-FATE PIN iteration 35: ok=true :: burst=400 accepted=400 first_received=400 first_error=None second_received=400 second_error=None mixed_fate=false publisher_frames=[]
MIXED-FATE PIN iteration 36: ok=true :: burst=400 accepted=400 first_received=400 first_error=None second_received=400 second_error=None mixed_fate=false publisher_frames=[]
MIXED-FATE PIN iteration 37: ok=true :: burst=400 accepted=400 first_received=400 first_error=None second_received=400 second_error=None mixed_fate=false publisher_frames=[]
MIXED-FATE PIN iteration 38: ok=true :: burst=400 accepted=400 first_received=400 first_error=None second_received=400 second_error=None mixed_fate=false publisher_frames=[]
MIXED-FATE PIN iteration 39: ok=true :: burst=400 accepted=400 first_received=400 first_error=None second_received=400 second_error=None mixed_fate=false publisher_frames=[]
test b_two_websocket_subscribers_on_one_boot_share_the_same_fate ... ok

test result: ok. 2 passed; 0 failed; 0 ignored; 0 measured; 0 filtered out; finished in 12.12s

STARVATION RUN 1 TRUE EXIT=0
