    Updating crates.io index
     Locking 115 packages to latest compatible versions
    Updating aho-corasick v1.1.4 -> v1.1.5
    Updating android_system_properties v0.1.5 -> v0.1.6
    Updating anyhow v1.0.102 -> v1.0.104
    Updating arrayvec v0.7.7 -> v0.7.8
    Updating async-trait v0.1.89 -> v0.1.92
    Updating bitflags v2.13.0 -> v2.13.1
    Updating blake3 v1.8.5 -> v1.8.6
    Updating bytes v1.11.1 -> v1.12.1
    Updating camino v1.2.2 -> v1.2.5
    Updating cc v1.2.64 -> v1.4.3
    Updating chacha20 v0.10.0 -> v0.10.1
    Updating clap v4.6.1 -> v4.6.6
    Updating clap_builder v4.6.0 -> v4.6.6
    Updating clap_derive v4.6.1 -> v4.6.4
    Updating cranelift-assembler-x64 v0.131.2 -> v0.131.3
    Updating cranelift-assembler-x64-meta v0.131.2 -> v0.131.3
    Updating cranelift-bforest v0.131.2 -> v0.131.3
    Updating cranelift-bitset v0.131.2 -> v0.131.3
    Updating cranelift-codegen v0.131.2 -> v0.131.3
    Updating cranelift-codegen-meta v0.131.2 -> v0.131.3
    Updating cranelift-codegen-shared v0.131.2 -> v0.131.3
    Updating cranelift-control v0.131.2 -> v0.131.3
    Updating cranelift-entity v0.131.2 -> v0.131.3
    Updating cranelift-frontend v0.131.2 -> v0.131.3
    Updating cranelift-isle v0.131.2 -> v0.131.3
    Updating cranelift-jit v0.131.2 -> v0.131.3
    Updating cranelift-module v0.131.2 -> v0.131.3
    Updating cranelift-native v0.131.2 -> v0.131.3
    Updating cranelift-srcgen v0.131.2 -> v0.131.3
    Updating crossbeam-channel v0.5.15 -> v0.5.16
    Updating crossbeam-deque v0.8.6 -> v0.8.7
    Updating crossbeam-epoch v0.9.18 -> v0.9.20
    Updating crossbeam-queue v0.3.12 -> v0.3.13
    Updating crossbeam-utils v0.8.21 -> v0.8.22
    Updating data-encoding v2.11.0 -> v2.11.1
    Updating displaydoc v0.2.6 -> v0.2.7
    Updating fancy-regex v0.18.0 -> v0.19.0
    Updating fastrand v2.4.1 -> v2.5.0
    Updating find-msvc-tools v0.1.9 -> v0.1.11
    Updating futures-core v0.3.32 -> v0.3.34
    Updating futures-task v0.3.32 -> v0.3.34
    Updating futures-util v0.3.32 -> v0.3.34
    Updating getrandom v0.4.2 -> v0.4.3
    Updating glob v0.3.3 -> v0.3.4
    Updating http v1.4.2 -> v1.5.0
    Updating hybrid-array v0.4.13 -> v0.4.14
    Updating icu_collections v2.2.0 -> v2.3.0
    Updating icu_locale_core v2.2.0 -> v2.3.0
    Updating icu_normalizer v2.2.0 -> v2.3.0
    Updating icu_normalizer_data v2.2.0 -> v2.3.0
    Updating icu_properties v2.2.0 -> v2.3.0
    Updating icu_properties_data v2.2.0 -> v2.3.0
    Updating icu_provider v2.2.0 -> v2.3.0
    Removing id-arena v2.3.0
    Updating io-uring v0.7.12 -> v0.7.14
    Updating jobserver v0.1.34 -> v0.1.35
    Updating js-sys v0.3.102 -> v0.3.104
    Updating jsonschema v0.46.5 -> v0.49.9
      Adding jsonschema-regex v0.49.9
      Adding jsonschema-value v0.49.9
    Removing leb128fmt v0.1.0
    Updating libc v0.2.186 -> v0.2.189
    Updating litemap v0.8.2 -> v0.8.3
    Updating log v0.4.32 -> v0.4.33
    Updating md5 v0.8.0 -> v0.8.1
    Updating memchr v2.8.2 -> v2.8.3
    Updating mio v1.2.1 -> v1.2.2
    Updating num-bigint v0.4.6 -> v0.4.8
    Updating num-integer v0.1.46 -> v0.1.47
    Updating num-iter v0.1.45 -> v0.1.46
    Updating pkg-config v0.3.33 -> v0.3.34
    Updating potential_utf v0.1.5 -> v0.1.6
    Removing prettyplease v0.2.37
    Updating proc-macro2 v1.0.106 -> v1.0.107
    Updating quote v1.0.45 -> v1.0.47
    Updating ref-cast v1.0.25 -> v1.0.26
    Updating ref-cast-impl v1.0.25 -> v1.0.26
    Updating referencing v0.46.5 -> v0.49.9
    Updating regalloc2 v0.15.1 -> v0.15.2
    Updating regex v1.12.4 -> v1.13.1
    Updating regex-automata v0.4.14 -> v0.4.18
    Updating rustc-hash v2.1.2 -> v2.1.3
    Updating rustversion v1.0.22 -> v1.0.23
    Removing semver v1.0.28
    Updating serde v1.0.228 -> v1.0.229
    Updating serde_core v1.0.228 -> v1.0.229
    Updating serde_derive v1.0.228 -> v1.0.229
    Updating serde_json v1.0.150 -> v1.0.151
    Removing serde_spanned v0.6.9
    Updating signal-hook v0.3.18 -> v0.4.4
    Updating simd-adler32 v0.3.9 -> v0.3.10
    Updating socket2 v0.6.4 -> v0.6.5
    Updating spin v0.9.8 -> v0.12.3
      Adding strum v0.28.0
      Adding strum_macros v0.28.0
    Removing syn v2.0.117
      Adding syn v2.0.119
      Adding syn v3.0.3
    Updating thiserror v2.0.18 -> v2.0.20
    Updating thiserror-impl v2.0.18 -> v2.0.20
    Updating tinystr v0.8.3 -> v0.8.4
    Updating tokio v1.52.3 -> v1.53.1
    Updating tokio-macros v2.7.0 -> v2.7.2
    Removing toml v0.8.23
    Removing toml v1.1.3+spec-1.1.0
      Adding toml v1.1.4+spec-1.1.0
    Removing toml_datetime v0.6.11
    Removing toml_edit v0.22.27
    Updating toml_parser v1.1.2+spec-1.1.0 -> v1.1.3+spec-1.1.0
    Removing toml_write v0.1.2
    Updating trybuild v1.0.118 -> v1.0.120
    Removing unicode-xid v0.2.6
    Updating uuid v1.23.3 -> v1.24.1
    Removing wasip3 v0.4.0+wasi-0.3.0-rc-2026-01-06
    Updating wasm-bindgen v0.2.125 -> v0.2.127
    Updating wasm-bindgen-macro v0.2.125 -> v0.2.127
    Updating wasm-bindgen-macro-support v0.2.125 -> v0.2.127
    Updating wasm-bindgen-shared v0.2.125 -> v0.2.127
    Removing wasm-encoder v0.244.0
    Removing wasm-metadata v0.244.0
    Removing wasmparser v0.244.0
    Updating wasmtime-internal-core v44.0.2 -> v44.0.3
    Updating wasmtime-internal-jit-icache-coherence v44.0.2 -> v44.0.3
    Updating web-sys v0.3.102 -> v0.3.104
    Removing winnow v0.7.15
    Removing wit-bindgen v0.51.0
    Removing wit-bindgen-core v0.51.0
    Removing wit-bindgen-rust v0.51.0
    Removing wit-bindgen-rust-macro v0.51.0
    Removing wit-component v0.244.0
    Removing wit-parser v0.244.0
    Updating writeable v0.6.3 -> v0.6.4
    Updating zerocopy v0.8.52 -> v0.8.56
    Updating zerocopy-derive v0.8.52 -> v0.8.56
    Updating zerotrie v0.2.4 -> v0.2.5
    Updating zerovec v0.11.6 -> v0.11.7
    Updating zerovec-derive v0.11.3 -> v0.11.5
    Updating zmij v1.0.21 -> v1.0.23
note: pass `--verbose` to see 1 unchanged dependencies behind latest
TRUE_EXIT=0
