   Compiling liminal-server v0.7.0 (/Users/tom/Developer/ablative/stack/liminal/crates/liminal-server)
   Compiling liminal-sdk v0.6.2 (/Users/tom/Developer/ablative/stack/liminal/crates/liminal-sdk)
warning: unused import: `super::tests::test_participant_config`
   --> crates/liminal-server/src/server/participant/production/tests_a5_settlement.rs:616:9
    |
616 |     use super::tests::test_participant_config;
    |         ^^^^^^^^^^^^^^^^^^^^^^^^^^^^^^^^^^^^^
    |
    = note: `#[warn(unused_imports)]` (part of `#[warn(unused)]`) on by default

warning: variable does not need to be mutable
   --> crates/liminal-server/src/server/participant/production/tests_a4_body_conflict.rs:729:9
    |
729 |     let mut measure = |mint: &dyn Fn(u64) -> RecordAdmissionAttemptToken| -> Result<f64, Box<dyn Error>> {
    |         ----^^^^^^^
    |         |
    |         help: remove this `mut`
    |
    = note: `#[warn(unused_mut)]` (part of `#[warn(unused)]`) on by default

warning: `liminal-server` (lib test) generated 2 warnings (run `cargo fix --lib -p liminal-server --tests` to apply 2 suggestions)
    Finished `test` profile [unoptimized + debuginfo] target(s) in 12.71s
     Running unittests src/lib.rs (target/debug/deps/liminal_server-908b5e3fc404f363)

running 1 test
test server::participant::production::tests_a5_settlement::the_settlement_registry_wakes_only_the_refused_connection ... ok

test result: ok. 1 passed; 0 failed; 0 ignored; 0 measured; 726 filtered out; finished in 0.04s

