   Compiling liminal-server v0.7.0 (/Users/tom/Developer/ablative/stack/liminal/crates/liminal-server)
    Finished `test` profile [unoptimized + debuginfo] target(s) in 4.80s
     Running tests/leg4_disk_matrix_e2e.rs (target/debug/deps/leg4_disk_matrix_e2e-3429dc809e7b3eb8)

running 1 test
shared-dir persistence_path = /var/folders/87/tdf6vfls1fj_4ydz_y6sk3580000gn/T/.tmpL4kL48
[shared-A] settlement window opened after 1 commits, conversation = 42262, refused_epoch = 8
[shared-A] before the clearing write: producer drained Ok(0), clearer drained 0
[shared-A] CLEARING WRITE OK: RecordCommitted(RecordCommitted { request: RecordAdmissionEnvelope { conversation_id: 42262, participant_id: 1, capability_generation: Generation(2), record_admission_attempt_token: RecordAdmissionAttemptToken([225, 225, 225, 225, 225, 225, 225, 225, 225, 225, 225, 225, 225, 225, 225, 225]) }, delivery_seq: 10 })
[shared-A] producer drained Ok(4) pushes after the clearing write
[shared-A] producer inbox: [ParticipantDelivery(ParticipantDelivery { conversation_id: 42262, delivery_seq: 2, record: Attached { affected_participant_id: 1, binding_epoch: BindingEpoch { connection_incarnation: ConnectionIncarnation { server_incarnation: 1, connection_ordinal: 1 }, capability_generation: Generation(1) } } }), ParticipantDelivery(ParticipantDelivery { conversation_id: 42262, delivery_seq: 3, record: Detached { affected_participant_id: 1, binding_epoch: BindingEpoch { connection_incarnation: ConnectionIncarnation { server_incarnation: 1, connection_ordinal: 1 }, capability_generation: Generation(1) }, cause: Superseded } }), ParticipantDelivery(ParticipantDelivery { conversation_id: 42262, delivery_seq: 4, record: Attached { affected_participant_id: 1, binding_epoch: BindingEpoch { connection_incarnation: ConnectionIncarnation { server_incarnation: 1, connection_ordinal: 1 }, capability_generation: Generation(2) } } }), ParticipantDelivery(ParticipantDelivery { conversation_id: 42262, delivery_seq: 2, record: Attached { affected_participant_id: 1, binding_epoch: BindingEpoch { connection_incarnation: ConnectionIncarnation { server_incarnation: 1, connection_ordinal: 1 }, capability_generation: Generation(1) } } }), ParticipantDelivery(ParticipantDelivery { conversation_id: 42262, delivery_seq: 3, record: Detached { affected_participant_id: 1, binding_epoch: BindingEpoch { connection_incarnation: ConnectionIncarnation { server_incarnation: 1, connection_ordinal: 1 }, capability_generation: Generation(1) }, cause: Superseded } }), ParticipantDelivery(ParticipantDelivery { conversation_id: 42262, delivery_seq: 4, record: Attached { affected_participant_id: 1, binding_epoch: BindingEpoch { connection_incarnation: ConnectionIncarnation { server_incarnation: 1, connection_ordinal: 1 }, capability_generation: Generation(2) } } }), MarkerSettled { conversation_id: 42262, refused_epoch: 8 }, ParticipantDelivery(ParticipantDelivery { conversation_id: 42262, delivery_seq: 8, record: HistoryCompacted { affected_participant_id: 0, abandoned_after: 0, abandoned_through: 7, physical_floor_at_decision: 6 } }), ParticipantDelivery(ParticipantDelivery { conversation_id: 42262, delivery_seq: 9, record: HistoryCompacted { affected_participant_id: 1, abandoned_after: 0, abandoned_through: 7, physical_floor_at_decision: 6 } }), ParticipantDelivery(ParticipantDelivery { conversation_id: 42262, delivery_seq: 10, record: OrdinaryRecord { sender_participant_id: 1, payload: [225] } })]
[shared-A] clearer inbox: [ParticipantDelivery(ParticipantDelivery { conversation_id: 42262, delivery_seq: 5, record: Detached { affected_participant_id: 0, binding_epoch: BindingEpoch { connection_incarnation: ConnectionIncarnation { server_incarnation: 1, connection_ordinal: 0 }, capability_generation: Generation(1) }, cause: Superseded } }), ParticipantDelivery(ParticipantDelivery { conversation_id: 42262, delivery_seq: 6, record: Attached { affected_participant_id: 0, binding_epoch: BindingEpoch { connection_incarnation: ConnectionIncarnation { server_incarnation: 1, connection_ordinal: 0 }, capability_generation: Generation(2) } } }), ParticipantDelivery(ParticipantDelivery { conversation_id: 42262, delivery_seq: 7, record: OrdinaryRecord { sender_participant_id: 0, payload: [1] } })]
[shared-A] VERDICT: the clearing write SUCCEEDED on this store
shared-dir arm A = Ok(())
shared-dir arm B = Err("configuration validation failed: failed to open durable store at /var/folders/87/tdf6vfls1fj_4ydz_y6sk3580000gn/T/.tmpL4kL48/durability: data dir is locked by another live writer (writer lock held at /var/folders/87/tdf6vfls1fj_4ydz_y6sk3580000gn/T/.tmpL4kL48/durability/writer.lock); a second writer would corrupt the shard WALs — use ReadOnlyDatabase to observe")
Error: "configuration validation failed: failed to open durable store at /var/folders/87/tdf6vfls1fj_4ydz_y6sk3580000gn/T/.tmpL4kL48/durability: data dir is locked by another live writer (writer lock held at /var/folders/87/tdf6vfls1fj_4ydz_y6sk3580000gn/T/.tmpL4kL48/durability/writer.lock); a second writer would corrupt the shard WALs — use ReadOnlyDatabase to observe"
test hypothesis_shared_fixed_dir_two_concurrent_drivers ... FAILED

failures:

failures:
    hypothesis_shared_fixed_dir_two_concurrent_drivers

test result: FAILED. 0 passed; 1 failed; 0 ignored; 0 measured; 6 filtered out; finished in 24.34s

error: test failed, to rerun pass `-p liminal-server --test leg4_disk_matrix_e2e`
