    Updating crates.io index
   Packaging liminal-rs v0.5.2 (/Users/tom/Developer/ablative/stack/liminal/crates/liminal)
    Updating crates.io index
    Packaged 114 files, 1.0MiB (227.9KiB compressed)
   Verifying liminal-rs v0.5.2 (/Users/tom/Developer/ablative/stack/liminal/crates/liminal)
   Compiling log v0.4.32
   Compiling zerofrom v0.1.8
   Compiling indexmap v2.14.0
   Compiling fnv v1.0.7
   Compiling yoke v0.8.3
   Compiling serde v1.0.228
   Compiling regalloc2 v0.15.1
   Compiling serde_json v1.0.150
   Compiling anyhow v1.0.102
   Compiling errno v0.3.14
   Compiling ref-cast v1.0.25
   Compiling getrandom v0.3.4
   Compiling mio v1.2.1
   Compiling rustix v1.1.4
   Compiling bit-vec v0.8.0
   Compiling tracing-core v0.1.36
   Compiling zerovec v0.11.6
   Compiling zerotrie v0.2.4
   Compiling bit-set v0.8.0
   Compiling fancy-regex v0.18.0
   Compiling tokio v1.52.3
   Compiling ahash v0.8.12
   Compiling fluent-uri v0.4.1
   Compiling email_address v0.2.9
   Compiling tracing v0.1.44
   Compiling gimli v0.33.0
   Compiling tinystr v0.8.3
   Compiling potential_utf v0.1.5
   Compiling icu_locale_core v2.2.0
   Compiling icu_collections v2.2.0
   Compiling thiserror v2.0.18
   Compiling referencing v0.46.5
   Compiling tempfile v3.27.0
   Compiling icu_provider v2.2.0
   Compiling icu_properties v2.2.0
   Compiling icu_normalizer v2.2.0
   Compiling idna_adapter v1.2.2
   Compiling idna v1.1.0
   Compiling jsonschema v0.46.5
   Compiling cranelift-codegen v0.131.2
   Compiling cranelift-native v0.131.2
   Compiling cranelift-module v0.131.2
   Compiling cranelift-frontend v0.131.2
   Compiling cranelift-jit v0.131.2
   Compiling beamr v0.16.3
   Compiling haematite v0.7.0
   Compiling liminal-rs v0.5.2 (/Users/tom/Developer/ablative/stack/liminal/target/package/liminal-rs-0.5.2)
    Finished `dev` profile [unoptimized + debuginfo] target(s) in 2m 07s
   Uploading liminal-rs v0.5.2 (/Users/tom/Developer/ablative/stack/liminal/crates/liminal)
    Uploaded liminal-rs v0.5.2 to registry `crates-io`
note: waiting for liminal-rs v0.5.2 to be available at registry `crates-io`
help: you may press ctrl-c to skip waiting; the crate should be available shortly
   Published liminal-rs v0.5.2 at registry `crates-io`
