    Updating crates.io index
   Packaging liminal-server v0.5.2 (/Users/tom/Developer/ablative/stack/liminal/crates/liminal-server)
    Updating crates.io index
warning: package `spin v0.9.8` in Cargo.lock is yanked in registry `crates-io`, consider updating to a version that is not yanked
    Packaged 266 files, 3.6MiB (780.1KiB compressed)
   Verifying liminal-server v0.5.2 (/Users/tom/Developer/ablative/stack/liminal/crates/liminal-server)
 Downloading crates ...
  Downloaded liminal-rs v0.5.2
  Downloaded liminal-protocol v0.4.0
   Compiling gimli v0.33.0
   Compiling tokio v1.52.3
   Compiling thiserror v2.0.18
   Compiling tracing v0.1.44
   Compiling toml_datetime v0.6.11
   Compiling serde_spanned v0.6.9
   Compiling clap v4.6.1
   Compiling liminal-protocol v0.4.0
   Compiling tungstenite v0.30.0
   Compiling toml_edit v0.22.27
   Compiling tracing-subscriber v0.3.23
   Compiling toml v0.8.23
   Compiling cranelift-codegen v0.131.2
   Compiling cranelift-native v0.131.2
   Compiling cranelift-module v0.131.2
   Compiling cranelift-frontend v0.131.2
   Compiling cranelift-jit v0.131.2
   Compiling beamr v0.16.3
   Compiling haematite v0.7.0
   Compiling liminal-rs v0.5.2
   Compiling liminal-server v0.5.2 (/Users/tom/Developer/ablative/stack/liminal/target/package/liminal-server-0.5.2)
    Finished `dev` profile [unoptimized + debuginfo] target(s) in 1m 42s
   Uploading liminal-server v0.5.2 (/Users/tom/Developer/ablative/stack/liminal/crates/liminal-server)
    Uploaded liminal-server v0.5.2 to registry `crates-io`
note: waiting for liminal-server v0.5.2 to be available at registry `crates-io`
help: you may press ctrl-c to skip waiting; the crate should be available shortly
   Published liminal-server v0.5.2 at registry `crates-io`
