=== RED PROOF: 05-red-guard-d-compare-and-set-deleted ===
=== base tree: 75e85b910232be8d1d7352d52a4bc011d90e1194 ===
=== the mechanism this pin measures, DISABLED: ===
diff --git a/crates/liminal-server/src/server/participant/production/ops_reissue.rs b/crates/liminal-server/src/server/participant/production/ops_reissue.rs
index c726e1a..34aa36f 100644
--- a/crates/liminal-server/src/server/participant/production/ops_reissue.rs
+++ b/crates/liminal-server/src/server/participant/production/ops_reissue.rs
@@ -191,16 +191,7 @@ impl ConversationAuthority {
         }
         // Guard (d): the compare-and-set. Its refusal payload is NORMATIVE —
         // see `health::reissue::OperatorCredentialReissueRefusal`.
-        if request.expected_current_generation != current_generation.get() {
-            return Ok(refused(
-                OperatorCredentialReissueRefusal::GenerationMismatch {
-                    conversation_id,
-                    participant_id,
-                    presented_generation: request.expected_current_generation,
-                    current_generation: current_generation.get(),
-                },
-            ));
-        }
+        // RED PROOF 05: guard (d), the compare-and-set, DELETED.
         self.mint_reissued_credential(request, current_generation, now_ms, appender)
     }
 
=== end of disabling diff ===

   Compiling liminal-server v0.8.0 (/Users/tom/Developer/ablative/stack/liminal/crates/liminal-server)
   Compiling liminal-sdk v0.7.0 (/Users/tom/Developer/ablative/stack/liminal/crates/liminal-sdk)
    Finished `test` profile [unoptimized + debuginfo] target(s) in 7.02s
     Running unittests src/lib.rs (target/debug/deps/liminal_server-06fb6a0541f6e2ae)

running 15 tests
test server::participant::production::tests_a7_operator_reissue::a_live_binding_refuses_with_no_state_delta ... ok
test server::participant::production::tests_a7_operator_reissue::a_retired_identity_refuses_retired_with_no_state_delta ... ok
test server::participant::production::tests_a7_operator_reissue::the_reissue_operation_introduces_no_timer_sweep_or_retry_loop ... ok
test server::participant::production::tests_a7_operator_reissue::the_reissue_operation_still_declares_its_no_polling_property ... ok
test server::participant::production::tests_a7_operator_reissue::a_live_enrollment_receipt_refuses_with_no_state_delta ... ok
test server::participant::production::tests_a7_operator_reissue::an_open_detach_replay_cell_refuses_rather_than_minting_a_trapped_credential ... ok
test server::participant::production::tests_a7_operator_reissue::an_unknown_conversation_refuses_typed_and_leaves_no_residue ... ok
test server::participant::production::tests_a7_operator_reissue::a_live_attach_receipt_refuses_with_no_state_delta ... ok
test server::participant::production::tests_a7_operator_reissue::an_unknown_participant_refuses_typed_with_no_state_delta ... ok
test server::participant::production::tests_a7_operator_reissue::a_generation_mismatch_refuses_carrying_the_repair_loops_read_path ... FAILED
test server::participant::production::tests_a7_operator_reissue::a_repeated_reissue_serializes_on_the_compare_and_set ... FAILED
test server::participant::production::tests_a7_operator_reissue::the_fossil_shape_is_reclaimed_by_one_operator_reissue ... ok
test server::participant::production::tests_a7_operator_reissue::the_reissue_appends_exactly_one_row_and_no_lifecycle_record ... ok
test server::participant::production::tests_a7_operator_reissue::without_a_reissue_the_fossil_stays_refused_forever ... ok
test server::participant::production::tests_a7_operator_reissue::the_reissue_row_replays_identically_across_both_crash_boundaries ... ok

failures:

---- server::participant::production::tests_a7_operator_reissue::a_generation_mismatch_refuses_carrying_the_repair_loops_read_path stdout ----
Error: "re-issue committed where it must refuse: OperatorCredentialReissued { conversation_id: 7409, participant_id: 0, presented_generation: 2, issued_generation: 3, attach_secret: \"930da32e92f3b01faa1b905716098533095f2b15bf2df3eee481fad3ca89b9f8\" }"

---- server::participant::production::tests_a7_operator_reissue::a_repeated_reissue_serializes_on_the_compare_and_set stdout ----
Error: "re-issue committed where it must refuse: OperatorCredentialReissued { conversation_id: 7410, participant_id: 0, presented_generation: 3, issued_generation: 4, attach_secret: \"0a029417fa2a7069c702d6dd0de3ecbaf68de9b3d00e539c4ba3d6302f5478ca\" }"


failures:
    server::participant::production::tests_a7_operator_reissue::a_generation_mismatch_refuses_carrying_the_repair_loops_read_path
    server::participant::production::tests_a7_operator_reissue::a_repeated_reissue_serializes_on_the_compare_and_set

test result: FAILED. 13 passed; 2 failed; 0 ignored; 0 measured; 738 filtered out; finished in 4.00s

error: test failed, to rerun pass `-p liminal-server --lib`
TRUE EXIT: 101
