=== RED PROOF: 08-red-detach-replay-cell-trap ===
=== base tree: 75e85b910232be8d1d7352d52a4bc011d90e1194 ===
=== the mechanism this pin measures, DISABLED: ===
diff --git a/crates/liminal-server/src/server/participant/production/ops_reissue.rs b/crates/liminal-server/src/server/participant/production/ops_reissue.rs
index c726e1a..5eb28e3 100644
--- a/crates/liminal-server/src/server/participant/production/ops_reissue.rs
+++ b/crates/liminal-server/src/server/participant/production/ops_reissue.rs
@@ -34,7 +34,7 @@
 //! pair that repair needs.
 
 use liminal_protocol::lifecycle::{
-    BindingState, DetachCell, EnrollmentFingerprint, LiveMember, LiveMemberRestore, RetiredIdentity,
+    BindingState, EnrollmentFingerprint, LiveMember, LiveMemberRestore, RetiredIdentity,
 };
 use liminal_protocol::wire::{AttachSecret, Generation};
 
@@ -180,15 +180,7 @@ impl ConversationAuthority {
         // refusal/restoration semantics and is not this lane's to move, so the
         // shape is refused rather than repaired, and the gap goes back to the
         // seat as a contract flag.
-        if matches!(slot.cell, DetachCell::Committed(_)) {
-            return Ok(refused(
-                OperatorCredentialReissueRefusal::DetachReplayOpen {
-                    conversation_id,
-                    participant_id,
-                    current_generation: current_generation.get(),
-                },
-            ));
-        }
+        // RED PROOF 08: the detach-replay-cell arm DELETED.
         // Guard (d): the compare-and-set. Its refusal payload is NORMATIVE —
         // see `health::reissue::OperatorCredentialReissueRefusal`.
         if request.expected_current_generation != current_generation.get() {
=== end of disabling diff ===

   Compiling liminal-server v0.8.0 (/Users/tom/Developer/ablative/stack/liminal/crates/liminal-server)
   Compiling liminal-sdk v0.7.0 (/Users/tom/Developer/ablative/stack/liminal/crates/liminal-sdk)
    Finished `test` profile [unoptimized + debuginfo] target(s) in 6.70s
     Running unittests src/lib.rs (target/debug/deps/liminal_server-06fb6a0541f6e2ae)

running 1 test
test server::participant::production::tests_a7_operator_reissue::an_open_detach_replay_cell_refuses_rather_than_minting_a_trapped_credential ... FAILED

failures:

---- server::participant::production::tests_a7_operator_reissue::an_open_detach_replay_cell_refuses_rather_than_minting_a_trapped_credential stdout ----
Error: "re-issue committed where it must refuse: OperatorCredentialReissued { conversation_id: 7411, participant_id: 0, presented_generation: 1, issued_generation: 2, attach_secret: \"17ca8e0d54cabd50c8192a1912c92a786f22a928c05bb38ca6f8aa7651f493a3\" }"


failures:
    server::participant::production::tests_a7_operator_reissue::an_open_detach_replay_cell_refuses_rather_than_minting_a_trapped_credential

test result: FAILED. 0 passed; 1 failed; 0 ignored; 0 measured; 752 filtered out; finished in 0.38s

error: test failed, to rerun pass `-p liminal-server --lib`
TRUE EXIT: 101
